// Jest Snapshot v1, https://goo.gl/fbAQLP

exports[`test Intro page component match snapshot 1`] = `ShallowWrapper {}`;
