// Jest Snapshot v1, https://goo.gl/fbAQLP

exports[`test Login page component match snapshot 1`] = `ShallowWrapper {}`;
